// Jest Snapshot v1, https://jestjs.io/docs/snapshot-testing

exports[`<Timeline /> render: match snapshot 1`] = `
<DocumentFragment>
  <section
    aria-label="timeline"
    class="timeline"
    role="region"
  >
    <div
      class="next section"
    >
      <span
        class="sectionName"
      >
        NEXT
      </span>
      <div
        class="line"
      >
        <div
          style="opacity: 0; transform: scale(0);"
        >
          <div
            class="lineItem committed"
          >
            <div
              class="lineItemContent enemy1"
            />
          </div>
        </div>
        <div
          style="opacity: 0; transform: scale(0);"
        >
          <div
            class="lineItem committed"
          >
            <div
              class="lineItemContent enemy2"
            />
          </div>
        </div>
        <div
          style="opacity: 0; transform: scale(0);"
        >
          <div
            class="lineItem committed"
          >
            <div
              class="lineItemContent enemy3"
            />
          </div>
        </div>
      </div>
    </div>
    <div
      class="future section"
    >
      <span
        class="sectionName"
      >
        FUTURE
      </span>
      <div
        class="line"
      />
    </div>
  </section>
</DocumentFragment>
`;
