// Jest Snapshot v1, https://jestjs.io/docs/snapshot-testing

exports[`<Timeline /> render: match snapshot 1`] = `
<DocumentFragment>
  <div
    class="timeline"
  >
    <div
      class="timeline__next timeline__section"
    >
      <span
        class="timeline__section__name"
      >
        NEXT
      </span>
      <div
        class="timeline__section__line"
      >
        <div
          style="opacity: 0; transform: scale(0);"
        >
          <div
            class="line-item line-item--commited"
          >
            <div
              class="line-item__content line-item__content--enemy1"
            />
          </div>
        </div>
        <div
          style="opacity: 0; transform: scale(0);"
        >
          <div
            class="line-item line-item--commited"
          >
            <div
              class="line-item__content line-item__content--enemy2"
            />
          </div>
        </div>
        <div
          style="opacity: 0; transform: scale(0);"
        >
          <div
            class="line-item line-item--commited"
          >
            <div
              class="line-item__content line-item__content--enemy3"
            />
          </div>
        </div>
      </div>
    </div>
    <div
      class="timeline__future timeline__section"
    >
      <span
        class="timeline__section__name"
      >
        FUTURE
      </span>
      <div
        class="timeline__section__line"
      />
    </div>
  </div>
</DocumentFragment>
`;
