// Jest Snapshot v1, https://jestjs.io/docs/snapshot-testing

exports[`<Card /> render: button role when clickable 1`] = `
<button
  aria-disabled="false"
  aria-label="player Build card"
  aria-pressed="false"
  class="card available actionCard player"
  type="button"
>
  <span
    class="heading"
  >
    <span
      class="icon"
    />
    <span
      class="title title"
    >
      Build
    </span>
  </span>
  <span
    class="content"
  >
    <span
      class="text paragraph"
    >
      <span
        class="paragraph"
      >
        Choose one:
      </span>
      <span
        class="paragraph"
      >
        Found a new village
      </span>
      <span
        class="paragraph"
      >
        Upgrade a village or a town
      </span>
      <span
        class="paragraph"
      >
        Build walls on a settlement
      </span>
    </span>
    <span
      class="waterMark"
    />
  </span>
</button>
`;
