// Jest Snapshot v1, https://jestjs.io/docs/snapshot-testing

exports[`<Card /> render: button role when clickable 1`] = `
<article
  aria-disabled="false"
  aria-label="player Build card"
  aria-pressed="false"
  class="card available actionCard player"
  role="button"
  tabindex="0"
>
  <div
    class="heading"
  >
    <div
      class="icon"
    />
    <div
      class="title title"
    >
      Build
    </div>
  </div>
  <div
    class="content"
  >
    <div
      class="text paragraph"
    >
      <p>
        Choose one:
      </p>
      <p>
        Found a new village
      </p>
      <p>
        Upgrade a village or a town
      </p>
      <p>
        Build walls on a settlement
      </p>
    </div>
    <div
      class="waterMark"
    />
  </div>
</article>
`;
