// Jest Snapshot v1, https://jestjs.io/docs/snapshot-testing

exports[`<Tile /> render: button role 1`] = `
<button
  aria-disabled="false"
  aria-label="tile -1,0"
  class="tile"
  type="button"
>
  <svg
    class="tile__hexagon"
  >
    svg-mock
  </svg>
  <div
    class="tile__hexagon__clickable-area clickable"
  />
</button>
`;
