// Jest Snapshot v1, https://jestjs.io/docs/snapshot-testing

exports[`<PlayerHand /> render: region role 1`] = `
<section
  aria-label="player hand"
  class="playerHand"
  role="region"
>
  <article
    aria-disabled="false"
    aria-label="card player_move_1"
    aria-pressed="false"
    class="card available actionCard"
  >
    <div
      class="heading"
    >
      <div
        class="icon"
      />
      <div
        class="title title"
      >
        move
      </div>
    </div>
    <div
      class="content"
    >
      <div
        class="text paragraph"
      >
        <p>
          Move up to two different Units
        </p>
      </div>
      <div
        class="waterMark"
      />
    </div>
  </article>
  <article
    aria-disabled="false"
    aria-label="card player_move_2"
    aria-pressed="false"
    class="card available actionCard"
  >
    <div
      class="heading"
    >
      <div
        class="icon"
      />
      <div
        class="title title"
      >
        move
      </div>
    </div>
    <div
      class="content"
    >
      <div
        class="text paragraph"
      >
        <p>
          Move up to two different Units
        </p>
      </div>
      <div
        class="waterMark"
      />
    </div>
  </article>
  <article
    aria-disabled="false"
    aria-label="card player_build_1"
    aria-pressed="false"
    class="card available actionCard"
  >
    <div
      class="heading"
    >
      <div
        class="icon"
      />
      <div
        class="title title"
      >
        build
      </div>
    </div>
    <div
      class="content"
    >
      <div
        class="text paragraph"
      >
        <p>
          Choose one:
        </p>
        <p>
          Found a new Settlement
        </p>
        <p>
          Improve a City
        </p>
        <p>
          Build Walls on a Settlement
        </p>
      </div>
      <div
        class="waterMark"
      />
    </div>
  </article>
</section>
`;
