// Jest Snapshot v1, https://jestjs.io/docs/snapshot-testing

exports[`<PlayerHand /> render: region role 1`] = `
<section
  aria-label="player hand"
  class="playerHand"
  role="region"
>
  <button
    aria-disabled="false"
    aria-label="player Move card"
    aria-pressed="false"
    class="card available actionCard player"
    type="button"
  >
    <span
      class="heading"
    >
      <span
        class="icon"
      />
      <span
        class="title title"
      >
        Move
      </span>
    </span>
    <span
      class="content"
    >
      <span
        class="text paragraph"
      >
        <span
          class="paragraph"
        >
          Move up to two different troops
        </span>
      </span>
      <span
        class="waterMark"
      />
    </span>
  </button>
  <button
    aria-disabled="false"
    aria-label="player Move card"
    aria-pressed="false"
    class="card available actionCard player"
    type="button"
  >
    <span
      class="heading"
    >
      <span
        class="icon"
      />
      <span
        class="title title"
      >
        Move
      </span>
    </span>
    <span
      class="content"
    >
      <span
        class="text paragraph"
      >
        <span
          class="paragraph"
        >
          Move up to two different troops
        </span>
      </span>
      <span
        class="waterMark"
      />
    </span>
  </button>
  <button
    aria-disabled="false"
    aria-label="player Build card"
    aria-pressed="false"
    class="card available actionCard player"
    type="button"
  >
    <span
      class="heading"
    >
      <span
        class="icon"
      />
      <span
        class="title title"
      >
        Build
      </span>
    </span>
    <span
      class="content"
    >
      <span
        class="text paragraph"
      >
        <span
          class="paragraph"
        >
          Choose one:
        </span>
        <span
          class="paragraph"
        >
          Found a new village
        </span>
        <span
          class="paragraph"
        >
          Upgrade a village or a town
        </span>
        <span
          class="paragraph"
        >
          Build walls on a settlement
        </span>
      </span>
      <span
        class="waterMark"
      />
    </span>
  </button>
</section>
`;
