// Jest Snapshot v1, https://jestjs.io/docs/snapshot-testing

exports[`<PlayerCard /> render: article role 1`] = `
<article
  aria-disabled="true"
  aria-label="player summary"
  aria-roledescription="player summary"
  class="playerCard player"
>
  <div
    class="playerPoints"
  >
    <div
      aria-label="player avatar"
      aria-roledescription="game avatar"
      class="avatar player"
      role="img"
    />
    <span
      class="points"
    >
      3
      p
    </span>
  </div>
  <div
    class="extraPoints"
  />
</article>
`;
